Command line invocation:
    /Applications/Xcode.app/Contents/Developer/usr/bin/xcodebuild -project CouponManagerApp.xcodeproj -scheme CouponManagerApp -destination "platform=iOS Simulator,name=iPhone 17,OS=26.0" build

ComputePackagePrebuildTargetDependencyGraph

Prepare packages

CreateBuildRequest

SendProjectDescription

CreateBuildOperation

ComputeTargetDependencyGraph
note: Building targets in dependency order
note: Target dependency graph (2 targets)
    Target 'CouponManagerApp' in project 'CouponManagerApp'
        ➜ Explicit dependency on target 'CouponWidgetExtension' in project 'CouponManagerApp'
    Target 'CouponWidgetExtension' in project 'CouponManagerApp' (no dependencies)

GatherProvisioningInputs

CreateBuildDescription

ExecuteExternalTool /Applications/Xcode.app/Contents/Developer/Toolchains/XcodeDefault.xctoolchain/usr/bin/clang -v -E -dM -isysroot /Applications/Xcode.app/Contents/Developer/Platforms/iPhoneSimulator.platform/Developer/SDKs/iPhoneSimulator26.0.sdk -x c -c /dev/null

ExecuteExternalTool /Applications/Xcode.app/Contents/Developer/usr/bin/actool --version --output-format xml1

ExecuteExternalTool /Applications/Xcode.app/Contents/Developer/Toolchains/XcodeDefault.xctoolchain/usr/bin/swiftc --version

ExecuteExternalTool /Applications/Xcode.app/Contents/Developer/Toolchains/XcodeDefault.xctoolchain/usr/bin/ld -version_details

Build description signature: 84169bc89103e436b5db4dc95582d888
Build description path: /Users/itaykarkason/Library/Developer/Xcode/DerivedData/CouponManagerApp-fwqljskoaqcmrvbpddxguxicpeij/Build/Intermediates.noindex/XCBuildData/84169bc89103e436b5db4dc95582d888.xcbuilddata
ClangStatCache /Applications/Xcode.app/Contents/Developer/Toolchains/XcodeDefault.xctoolchain/usr/bin/clang-stat-cache /Applications/Xcode.app/Contents/Developer/Platforms/iPhoneSimulator.platform/Developer/SDKs/iPhoneSimulator26.0.sdk /Users/itaykarkason/Library/Developer/Xcode/DerivedData/SDKStatCaches.noindex/iphonesimulator26.0-23A339-26257891a6c027eb51374368541b8346.sdkstatcache
    cd /Users/itaykarkason/Python\ Projects/CouponManagerApp/CouponManagerApp.xcodeproj
    /Applications/Xcode.app/Contents/Developer/Toolchains/XcodeDefault.xctoolchain/usr/bin/clang-stat-cache /Applications/Xcode.app/Contents/Developer/Platforms/iPhoneSimulator.platform/Developer/SDKs/iPhoneSimulator26.0.sdk -o /Users/itaykarkason/Library/Developer/Xcode/DerivedData/SDKStatCaches.noindex/iphonesimulator26.0-23A339-26257891a6c027eb51374368541b8346.sdkstatcache

ProcessInfoPlistFile /Users/itaykarkason/Library/Developer/Xcode/DerivedData/CouponManagerApp-fwqljskoaqcmrvbpddxguxicpeij/Build/Products/Debug-iphonesimulator/CouponWidgetExtension.appex/Info.plist /Users/itaykarkason/Python\ Projects/CouponManagerApp/CouponWidgetExtension/Info.plist (in target 'CouponWidgetExtension' from project 'CouponManagerApp')
    cd /Users/itaykarkason/Python\ Projects/CouponManagerApp
    builtin-infoPlistUtility /Users/itaykarkason/Python\ Projects/CouponManagerApp/CouponWidgetExtension/Info.plist -producttype com.apple.product-type.app-extension -expandbuildsettings -format binary -platform iphonesimulator -additionalcontentfile /Users/itaykarkason/Library/Developer/Xcode/DerivedData/CouponManagerApp-fwqljskoaqcmrvbpddxguxicpeij/Build/Intermediates.noindex/CouponManagerApp.build/Debug-iphonesimulator/CouponWidgetExtension.build/assetcatalog_generated_info.plist -o /Users/itaykarkason/Library/Developer/Xcode/DerivedData/CouponManagerApp-fwqljskoaqcmrvbpddxguxicpeij/Build/Products/Debug-iphonesimulator/CouponWidgetExtension.appex/Info.plist

Copy /Users/itaykarkason/Library/Developer/Xcode/DerivedData/CouponManagerApp-fwqljskoaqcmrvbpddxguxicpeij/Build/Products/Debug-iphonesimulator/CouponManagerApp.app/PlugIns/CouponWidgetExtension.appex /Users/itaykarkason/Library/Developer/Xcode/DerivedData/CouponManagerApp-fwqljskoaqcmrvbpddxguxicpeij/Build/Products/Debug-iphonesimulator/CouponWidgetExtension.appex (in target 'CouponManagerApp' from project 'CouponManagerApp')
    cd /Users/itaykarkason/Python\ Projects/CouponManagerApp
    builtin-copy -exclude .DS_Store -exclude CVS -exclude .svn -exclude .git -exclude .hg -exclude Headers -exclude PrivateHeaders -exclude Modules -exclude \*.tbd -resolve-src-symlinks -remove-static-executable /Users/itaykarkason/Library/Developer/Xcode/DerivedData/CouponManagerApp-fwqljskoaqcmrvbpddxguxicpeij/Build/Products/Debug-iphonesimulator/CouponWidgetExtension.appex /Users/itaykarkason/Library/Developer/Xcode/DerivedData/CouponManagerApp-fwqljskoaqcmrvbpddxguxicpeij/Build/Products/Debug-iphonesimulator/CouponManagerApp.app/PlugIns

ProcessInfoPlistFile /Users/itaykarkason/Library/Developer/Xcode/DerivedData/CouponManagerApp-fwqljskoaqcmrvbpddxguxicpeij/Build/Products/Debug-iphonesimulator/CouponManagerApp.app/Info.plist /Users/itaykarkason/Python\ Projects/CouponManagerApp/CouponsApp-Info.plist (in target 'CouponManagerApp' from project 'CouponManagerApp')
    cd /Users/itaykarkason/Python\ Projects/CouponManagerApp
    builtin-infoPlistUtility /Users/itaykarkason/Python\ Projects/CouponManagerApp/CouponsApp-Info.plist -producttype com.apple.product-type.application -genpkginfo /Users/itaykarkason/Library/Developer/Xcode/DerivedData/CouponManagerApp-fwqljskoaqcmrvbpddxguxicpeij/Build/Products/Debug-iphonesimulator/CouponManagerApp.app/PkgInfo -expandbuildsettings -format binary -platform iphonesimulator -scanforprivacyfile /Users/itaykarkason/Library/Developer/Xcode/DerivedData/CouponManagerApp-fwqljskoaqcmrvbpddxguxicpeij/Build/Products/Debug-iphonesimulator/CouponManagerApp.app/PlugIns/CouponWidgetExtension.appex -o /Users/itaykarkason/Library/Developer/Xcode/DerivedData/CouponManagerApp-fwqljskoaqcmrvbpddxguxicpeij/Build/Products/Debug-iphonesimulator/CouponManagerApp.app/Info.plist

CopySwiftLibs /Users/itaykarkason/Library/Developer/Xcode/DerivedData/CouponManagerApp-fwqljskoaqcmrvbpddxguxicpeij/Build/Products/Debug-iphonesimulator/CouponManagerApp.app (in target 'CouponManagerApp' from project 'CouponManagerApp')
    cd /Users/itaykarkason/Python\ Projects/CouponManagerApp
    builtin-swiftStdLibTool --copy --verbose --sign - --scan-executable /Users/itaykarkason/Library/Developer/Xcode/DerivedData/CouponManagerApp-fwqljskoaqcmrvbpddxguxicpeij/Build/Products/Debug-iphonesimulator/CouponManagerApp.app/CouponManagerApp.debug.dylib --scan-folder /Users/itaykarkason/Library/Developer/Xcode/DerivedData/CouponManagerApp-fwqljskoaqcmrvbpddxguxicpeij/Build/Products/Debug-iphonesimulator/CouponManagerApp.app/Frameworks --scan-folder /Users/itaykarkason/Library/Developer/Xcode/DerivedData/CouponManagerApp-fwqljskoaqcmrvbpddxguxicpeij/Build/Products/Debug-iphonesimulator/CouponManagerApp.app/PlugIns --scan-folder /Users/itaykarkason/Library/Developer/Xcode/DerivedData/CouponManagerApp-fwqljskoaqcmrvbpddxguxicpeij/Build/Products/Debug-iphonesimulator/CouponManagerApp.app/SystemExtensions --scan-folder /Users/itaykarkason/Library/Developer/Xcode/DerivedData/CouponManagerApp-fwqljskoaqcmrvbpddxguxicpeij/Build/Products/Debug-iphonesimulator/CouponManagerApp.app/Extensions --platform iphonesimulator --toolchain /Applications/Xcode.app/Contents/Developer/Toolchains/XcodeDefault.xctoolchain --destination /Users/itaykarkason/Library/Developer/Xcode/DerivedData/CouponManagerApp-fwqljskoaqcmrvbpddxguxicpeij/Build/Products/Debug-iphonesimulator/CouponManagerApp.app/Frameworks --strip-bitcode --strip-bitcode-tool /Applications/Xcode.app/Contents/Developer/Toolchains/XcodeDefault.xctoolchain/usr/bin/bitcode_strip --emit-dependency-info /Users/itaykarkason/Library/Developer/Xcode/DerivedData/CouponManagerApp-fwqljskoaqcmrvbpddxguxicpeij/Build/Intermediates.noindex/CouponManagerApp.build/Debug-iphonesimulator/CouponManagerApp.build/SwiftStdLibToolInputDependencies.dep --filter-for-swift-os

CodeSign /Users/itaykarkason/Library/Developer/Xcode/DerivedData/CouponManagerApp-fwqljskoaqcmrvbpddxguxicpeij/Build/Products/Debug-iphonesimulator/CouponManagerApp.app/CouponManagerApp.debug.dylib (in target 'CouponManagerApp' from project 'CouponManagerApp')
    cd /Users/itaykarkason/Python\ Projects/CouponManagerApp
    
    Signing Identity:     "Sign to Run Locally"
    
    /usr/bin/codesign --force --sign - --timestamp\=none --generate-entitlement-der /Users/itaykarkason/Library/Developer/Xcode/DerivedData/CouponManagerApp-fwqljskoaqcmrvbpddxguxicpeij/Build/Products/Debug-iphonesimulator/CouponManagerApp.app/CouponManagerApp.debug.dylib
/Users/itaykarkason/Library/Developer/Xcode/DerivedData/CouponManagerApp-fwqljskoaqcmrvbpddxguxicpeij/Build/Products/Debug-iphonesimulator/CouponManagerApp.app/CouponManagerApp.debug.dylib: replacing existing signature

CodeSign /Users/itaykarkason/Library/Developer/Xcode/DerivedData/CouponManagerApp-fwqljskoaqcmrvbpddxguxicpeij/Build/Products/Debug-iphonesimulator/CouponManagerApp.app/__preview.dylib (in target 'CouponManagerApp' from project 'CouponManagerApp')
    cd /Users/itaykarkason/Python\ Projects/CouponManagerApp
    
    Signing Identity:     "Sign to Run Locally"
    
    /usr/bin/codesign --force --sign - --timestamp\=none --generate-entitlement-der /Users/itaykarkason/Library/Developer/Xcode/DerivedData/CouponManagerApp-fwqljskoaqcmrvbpddxguxicpeij/Build/Products/Debug-iphonesimulator/CouponManagerApp.app/__preview.dylib
/Users/itaykarkason/Library/Developer/Xcode/DerivedData/CouponManagerApp-fwqljskoaqcmrvbpddxguxicpeij/Build/Products/Debug-iphonesimulator/CouponManagerApp.app/__preview.dylib: replacing existing signature

CodeSign /Users/itaykarkason/Library/Developer/Xcode/DerivedData/CouponManagerApp-fwqljskoaqcmrvbpddxguxicpeij/Build/Products/Debug-iphonesimulator/CouponManagerApp.app (in target 'CouponManagerApp' from project 'CouponManagerApp')
    cd /Users/itaykarkason/Python\ Projects/CouponManagerApp
    
    Signing Identity:     "Sign to Run Locally"
    
    /usr/bin/codesign --force --sign - --entitlements /Users/itaykarkason/Library/Developer/Xcode/DerivedData/CouponManagerApp-fwqljskoaqcmrvbpddxguxicpeij/Build/Intermediates.noindex/CouponManagerApp.build/Debug-iphonesimulator/CouponManagerApp.build/CouponManagerApp.app.xcent --timestamp\=none --generate-entitlement-der /Users/itaykarkason/Library/Developer/Xcode/DerivedData/CouponManagerApp-fwqljskoaqcmrvbpddxguxicpeij/Build/Products/Debug-iphonesimulator/CouponManagerApp.app
/Users/itaykarkason/Library/Developer/Xcode/DerivedData/CouponManagerApp-fwqljskoaqcmrvbpddxguxicpeij/Build/Products/Debug-iphonesimulator/CouponManagerApp.app: replacing existing signature

Validate /Users/itaykarkason/Library/Developer/Xcode/DerivedData/CouponManagerApp-fwqljskoaqcmrvbpddxguxicpeij/Build/Products/Debug-iphonesimulator/CouponManagerApp.app (in target 'CouponManagerApp' from project 'CouponManagerApp')
    cd /Users/itaykarkason/Python\ Projects/CouponManagerApp
    builtin-validationUtility /Users/itaykarkason/Library/Developer/Xcode/DerivedData/CouponManagerApp-fwqljskoaqcmrvbpddxguxicpeij/Build/Products/Debug-iphonesimulator/CouponManagerApp.app -shallow-bundle -infoplist-subpath Info.plist

ValidateEmbeddedBinary /Users/itaykarkason/Library/Developer/Xcode/DerivedData/CouponManagerApp-fwqljskoaqcmrvbpddxguxicpeij/Build/Products/Debug-iphonesimulator/CouponManagerApp.app/PlugIns/CouponWidgetExtension.appex (in target 'CouponManagerApp' from project 'CouponManagerApp')
    cd /Users/itaykarkason/Python\ Projects/CouponManagerApp
    /Applications/Xcode.app/Contents/Developer/usr/bin/embeddedBinaryValidationUtility /Users/itaykarkason/Library/Developer/Xcode/DerivedData/CouponManagerApp-fwqljskoaqcmrvbpddxguxicpeij/Build/Products/Debug-iphonesimulator/CouponManagerApp.app/PlugIns/CouponWidgetExtension.appex -signing-cert - -info-plist-path /Users/itaykarkason/Library/Developer/Xcode/DerivedData/CouponManagerApp-fwqljskoaqcmrvbpddxguxicpeij/Build/Products/Debug-iphonesimulator/CouponManagerApp.app/Info.plist

** BUILD SUCCEEDED **

